Archive member included to satisfy reference by file (symbol)

.\CortexM3\ARM_GCC_541\Debug\AY1920_II_HW_05_PROJ_2.a(UART_Debug.o)
                              .\CortexM3\ARM_GCC_541\Debug\main.o (UART_Debug_Start)
.\CortexM3\ARM_GCC_541\Debug\AY1920_II_HW_05_PROJ_2.a(I2C_Master.o)
                              .\CortexM3\ARM_GCC_541\Debug\I2C_Interface.o (I2C_Master_Start)
.\CortexM3\ARM_GCC_541\Debug\AY1920_II_HW_05_PROJ_2.a(I2C_Master_INT.o)
                              .\CortexM3\ARM_GCC_541\Debug\AY1920_II_HW_05_PROJ_2.a(I2C_Master.o) (I2C_Master_ISR)
.\CortexM3\ARM_GCC_541\Debug\AY1920_II_HW_05_PROJ_2.a(I2C_Master_PM.o)
                              .\CortexM3\ARM_GCC_541\Debug\AY1920_II_HW_05_PROJ_2.a(I2C_Master.o) (I2C_Master_backup)
.\CortexM3\ARM_GCC_541\Debug\AY1920_II_HW_05_PROJ_2.a(I2C_Master_MASTER.o)
                              .\CortexM3\ARM_GCC_541\Debug\AY1920_II_HW_05_PROJ_2.a(I2C_Master.o) (I2C_Master_mstrStatus)
.\CortexM3\ARM_GCC_541\Debug\AY1920_II_HW_05_PROJ_2.a(UART_Debug_IntClock.o)
                              .\CortexM3\ARM_GCC_541\Debug\AY1920_II_HW_05_PROJ_2.a(UART_Debug.o) (UART_Debug_IntClock_Start)
.\CortexM3\ARM_GCC_541\Debug\AY1920_II_HW_05_PROJ_2.a(CyLib.o)
                              .\CortexM3\ARM_GCC_541\Debug\Cm3Start.o (CyHalt)
.\CortexM3\ARM_GCC_541\Debug\AY1920_II_HW_05_PROJ_2.a(cyPm.o)
                              .\CortexM3\ARM_GCC_541\Debug\AY1920_II_HW_05_PROJ_2.a(CyLib.o) (CyPmReadStatus)
.\CortexM3\ARM_GCC_541\Debug\AY1920_II_HW_05_PROJ_2.a(Timer.o)
                              .\CortexM3\ARM_GCC_541\Debug\InterruptRoutines.o (Timer_ReadStatusRegister)
.\CortexM3\ARM_GCC_541\Debug\AY1920_II_HW_05_PROJ_2.a(isr_Timer.o)
                              .\CortexM3\ARM_GCC_541\Debug\main.o (isr_Timer_StartEx)
.\CortexM3\ARM_GCC_541\Debug\AY1920_II_HW_05_PROJ_2.a(CyBootAsmGnu.o)
                              .\CortexM3\ARM_GCC_541\Debug\cyfitter_cfg.o (CyDelayCycles)
.\CortexM3\ARM_GCC_541\Debug\AY1920_II_HW_05_PROJ_2.a(CyFlash.o)
                              .\CortexM3\ARM_GCC_541\Debug\AY1920_II_HW_05_PROJ_2.a(cyPm.o) (CyFlash_SetWaitCycles)
.\CortexM3\ARM_GCC_541\Debug\AY1920_II_HW_05_PROJ_2.a(CySpc.o)
                              .\CortexM3\ARM_GCC_541\Debug\AY1920_II_HW_05_PROJ_2.a(CyFlash.o) (CySpcStart)
c:/program files (x86)/cypress/psoc creator/4.3/psoc creator/import/gnu/arm/5.4.1/bin/../lib/gcc/arm-none-eabi/5.4.1/../../../../arm-none-eabi/lib/armv7-m\libg_nano.a(lib_a-errno.o)
                              .\CortexM3\ARM_GCC_541\Debug\Cm3Start.o (__errno)
c:/program files (x86)/cypress/psoc creator/4.3/psoc creator/import/gnu/arm/5.4.1/bin/../lib/gcc/arm-none-eabi/5.4.1/../../../../arm-none-eabi/lib/armv7-m\libg_nano.a(lib_a-exit.o)
                              c:/program files (x86)/cypress/psoc creator/4.3/psoc creator/import/gnu/arm/5.4.1/bin/../lib/gcc/arm-none-eabi/5.4.1/../../../../arm-none-eabi/lib/armv7-m/crt0.o (exit)
c:/program files (x86)/cypress/psoc creator/4.3/psoc creator/import/gnu/arm/5.4.1/bin/../lib/gcc/arm-none-eabi/5.4.1/../../../../arm-none-eabi/lib/armv7-m\libg_nano.a(lib_a-impure.o)
                              c:/program files (x86)/cypress/psoc creator/4.3/psoc creator/import/gnu/arm/5.4.1/bin/../lib/gcc/arm-none-eabi/5.4.1/../../../../arm-none-eabi/lib/armv7-m\libg_nano.a(lib_a-exit.o) (_global_impure_ptr)
c:/program files (x86)/cypress/psoc creator/4.3/psoc creator/import/gnu/arm/5.4.1/bin/../lib/gcc/arm-none-eabi/5.4.1/../../../../arm-none-eabi/lib/armv7-m\libg_nano.a(lib_a-init.o)
                              c:/program files (x86)/cypress/psoc creator/4.3/psoc creator/import/gnu/arm/5.4.1/bin/../lib/gcc/arm-none-eabi/5.4.1/../../../../arm-none-eabi/lib/armv7-m/crt0.o (__libc_init_array)
c:/program files (x86)/cypress/psoc creator/4.3/psoc creator/import/gnu/arm/5.4.1/bin/../lib/gcc/arm-none-eabi/5.4.1/../../../../arm-none-eabi/lib/armv7-m\libg_nano.a(lib_a-memcpy-stub.o)
                              .\CortexM3\ARM_GCC_541\Debug\cyfitter_cfg.o (memcpy)
c:/program files (x86)/cypress/psoc creator/4.3/psoc creator/import/gnu/arm/5.4.1/bin/../lib/gcc/arm-none-eabi/5.4.1/../../../../arm-none-eabi/lib/armv7-m\libg_nano.a(lib_a-memset.o)
                              c:/program files (x86)/cypress/psoc creator/4.3/psoc creator/import/gnu/arm/5.4.1/bin/../lib/gcc/arm-none-eabi/5.4.1/../../../../arm-none-eabi/lib/armv7-m/crt0.o (memset)
c:/program files (x86)/cypress/psoc creator/4.3/psoc creator/import/gnu/arm/5.4.1/bin/../lib/gcc/arm-none-eabi/5.4.1/../../../../arm-none-eabi/lib/armv7-m\libg_nano.a(lib_a-sprintf.o)
                              .\CortexM3\ARM_GCC_541\Debug\main.o (sprintf)
c:/program files (x86)/cypress/psoc creator/4.3/psoc creator/import/gnu/arm/5.4.1/bin/../lib/gcc/arm-none-eabi/5.4.1/../../../../arm-none-eabi/lib/armv7-m\libg_nano.a(lib_a-nano-svfprintf.o)
[...]
Memory Configuration

Name             Origin             Length             Attributes
rom              0x00000000         0x00040000         xr
ram              0x1fff8000         0x00010000         xrw
*default*        0x00000000         0xffffffff

Linker script and memory map

LOAD c:/program files (x86)/cypress/psoc creator/4.3/psoc creator/import/gnu/arm/5.4.1/bin/../lib/gcc/arm-none-eabi/5.4.1/armv7-m/crti.o
LOAD c:/program files (x86)/cypress/psoc creator/4.3/psoc creator/import/gnu/arm/5.4.1/bin/../lib/gcc/arm-none-eabi/5.4.1/armv7-m/crtbegin.o
LOAD c:/program files (x86)/cypress/psoc creator/4.3/psoc creator/import/gnu/arm/5.4.1/bin/../lib/gcc/arm-none-eabi/5.4.1/../../../../arm-none-eabi/lib/armv7-m/crt0.o
START GROUP
LOAD .\CortexM3\ARM_GCC_541\Debug\main.o
LOAD .\CortexM3\ARM_GCC_541\Debug\I2C_Interface.o
LOAD .\CortexM3\ARM_GCC_541\Debug\InterruptRoutines.o
LOAD .\CortexM3\ARM_GCC_541\Debug\cyfitter_cfg.o
LOAD .\CortexM3\ARM_GCC_541\Debug\cymetadata.o
LOAD .\CortexM3\ARM_GCC_541\Debug\Cm3Start.o
LOAD .\CortexM3\ARM_GCC_541\Debug\AY1920_II_HW_05_PROJ_2.a
LOAD C:\Program Files (x86)\Cypress\PSoC Creator\4.3\PSoC Creator\psoc\content\cycomponentlibrary\CyComponentLibrary.cylib\CortexM3\ARM_GCC_541\Debug\CyComponentLibrary.a
END GROUP
START GROUP
LOAD c:/program files (x86)/cypress/psoc creator/4.3/psoc creator/import/gnu/arm/5.4.1/bin/../lib/gcc/arm-none-eabi/5.4.1/armv7-m\libgcc.a
LOAD c:/program files (x86)/cypress/psoc creator/4.3/psoc creator/import/gnu/arm/5.4.1/bin/../lib/gcc/arm-none-eabi/5.4.1/../../../../arm-none-eabi/lib/armv7-m\libg_nano.a
LOAD c:/program files (x86)/cypress/psoc creator/4.3/psoc creator/import/gnu/arm/5.4.1/bin/../lib/gcc/arm-none-eabi/5.4.1/../../../../arm-none-eabi/lib/armv7-m\libc_nano.a
END GROUP
START GROUP
LOAD c:/program files (x86)/cypress/psoc creator/4.3/psoc creator/import/gnu/arm/5.4.1/bin/../lib/gcc/arm-none-eabi/5.4.1/armv7-m\libgcc.a
LOAD c:/program files (x86)/cypress/psoc creator/4.3/psoc creator/import/gnu/arm/5.4.1/bin/../lib/gcc/arm-none-eabi/5.4.1/../../../../arm-none-eabi/lib/armv7-m\libc_nano.a
END GROUP
LOAD c:/program files (x86)/cypress/psoc creator/4.3/psoc creator/import/gnu/arm/5.4.1/bin/../lib/gcc/arm-none-eabi/5.4.1/armv7-m/crtend.o
LOAD c:/program files (x86)/cypress/psoc creator/4.3/psoc creator/import/gnu/arm/5.4.1/bin/../lib/gcc/arm-none-eabi/5.4.1/armv7-m/crtn.o
START GROUP
LOAD c:/program files (x86)/cypress/psoc creator/4.3/psoc creator/import/gnu/arm/5.4.1/bin/../lib/gcc/arm-none-eabi/5.4.1/armv7-m\libgcc.a
LOAD c:/program files (x86)/cypress/psoc creator/4.3/psoc creator/import/gnu/arm/5.4.1/bin/../lib/gcc/arm-none-eabi/5.4.1/../../../../arm-none-eabi/lib/armv7-m\libc.a
LOAD c:/program files (x86)/cypress/psoc creator/4.3/psoc creator/import/gnu/arm/5.4.1/bin/../lib/gcc/arm-none-eabi/5.4.1/../../../../arm-none-eabi/lib/armv7-m\libnosys.a
END GROUP
                0x00000000                CY_APPL_ORIGIN = 0x0
                0x00000100                CY_FLASH_ROW_SIZE = 0x100
                0x00000020                CY_ECC_ROW_SIZE = 0x20
                0x00000000                CY_EE_IN_BTLDR = 0x0
                0x00000000                CY_APPL_LOADABLE = 0x0
                0x00000800                CY_EE_SIZE = 0x800
                0x00000001                CY_APPL_NUM = 0x1
                0x00000001                CY_APPL_MAX = 0x1
                0x00000040                CY_METADATA_SIZE = 0x40
                0x00000000                CY_APPL_LOADABLE = 0x0
                0x00000000                CY_CHECKSUM_EXCLUDE_SIZE = ALIGN (0x0, CY_FLASH_ROW_SIZE)
                [!provide]                PROVIDE (__cy_heap_start, _end)
                0x00000001                PROVIDE (__cy_region_num, ((__cy_regions_end - __cy_regions) / 0x10))
                0x20008000                PROVIDE (__cy_stack, (ORIGIN (ram) + LENGTH (ram)))
                [!provide]                PROVIDE (__cy_heap_end, (__cy_stack - 0x800))

.cybootloader   0x00000000        0x0
 *(.cybootloader)
                0x00000000                appl1_start = CY_APPL_ORIGIN?CY_APPL_ORIGIN:ALIGN (CY_FLASH_ROW_SIZE)
                0x0001ff00                appl2_start = (appl1_start + ALIGN ((((LENGTH (rom) - appl1_start) - (0x2 * CY_FLASH_ROW_SIZE)) / 0x2), CY_FLASH_ROW_SIZE))
                0x00000000                appl_start = (CY_APPL_NUM == 0x1)?appl1_start:appl2_start
                0x00000000                ecc_offset = ((appl_start / CY_FLASH_ROW_SIZE) * CY_ECC_ROW_SIZE)
                0x00000000                ee_offset = (CY_APPL_LOADABLE && ! (CY_EE_IN_BTLDR))?((CY_EE_SIZE / CY_APPL_MAX) * (CY_APPL_NUM - 0x1)):0x0
                0x00000800                ee_size = (CY_APPL_LOADABLE && ! (CY_EE_IN_BTLDR))?(CY_EE_SIZE / CY_APPL_MAX):CY_EE_SIZE
                [!provide]                PROVIDE (CY_ECC_OFFSET, ecc_offset)

.text           0x00000000     0x1890
 CREATE_OBJECT_SYMBOLS
                0x00000000                PROVIDE (__cy_interrupt_vector, RomVectors)
 *(.romvectors)
 .romvectors    0x00000000       0x10 .\CortexM3\ARM_GCC_541\Debug\Cm3Start.o
                0x00000000                RomVectors
                0x00000001                ASSERT ((. != __cy_interrupt_vector), No interrupt vector)
                0x00000001                ASSERT (CY_APPL_ORIGIN?(SIZEOF (.cybootloader) <= CY_APPL_ORIGIN):0x1, Wrong image location)
                0x00000010                PROVIDE (__cy_reset, Reset)
 *(.text.Reset)
 .text.Reset    0x00000010       0x18 .\CortexM3\ARM_GCC_541\Debug\Cm3Start.o
                0x00000010                Reset
                0x00000001                ASSERT ((. != __cy_reset), No reset code)
 *(.dma_init)
                0x00000001                ASSERT ((((appl_start + .) <= 0x10000) || 0x1), DMA Init must be within the first 64k of flash)
 *(.text .text.* .gnu.linkonce.t.*)
 .text          0x00000028       0x5c c:/program files (x86)/cypress/psoc creator/4.3/psoc creator/import/gnu/arm/5.4.1/bin/../lib/gcc/arm-none-eabi/5.4.1/armv7-m/crtbegin.o
 .text.main     0x00000084      0x2f0 .\CortexM3\ARM_GCC_541\Debug\main.o
                0x00000084                main
 .text.I2C_Peripheral_Start
                0x00000374        0xc .\CortexM3\ARM_GCC_541\Debug\I2C_Interface.o
                0x00000374                I2C_Peripheral_Start
 .text.I2C_Peripheral_ReadRegister
                0x00000380       0x3c .\CortexM3\ARM_GCC_541\Debug\I2C_Interface.o
                0x00000380                I2C_Peripheral_ReadRegister
 .text.I2C_Peripheral_ReadRegisterMulti
                0x000003bc       0x5c .\CortexM3\ARM_GCC_541\Debug\I2C_Interface.o
                0x000003bc                I2C_Peripheral_ReadRegisterMulti
 .text.I2C_Peripheral_WriteRegister
                0x00000418       0x30 .\CortexM3\ARM_GCC_541\Debug\I2C_Interface.o
                0x00000418                I2C_Peripheral_WriteRegister
 .text.I2C_Peripheral_IsDeviceConnected
                0x00000448       0x18 .\CortexM3\ARM_GCC_541\Debug\I2C_Interface.o
                0x00000448                I2C_Peripheral_IsDeviceConnected
 .text.Custom_Timer_ISR
                0x00000460       0x14 .\CortexM3\ARM_GCC_541\Debug\InterruptRoutines.o
                0x00000460                Custom_Timer_ISR
 .text.CyClockStartupError
                0x00000474        0x4 .\CortexM3\ARM_GCC_541\Debug\cyfitter_cfg.o
 .text.cfg_write_bytes32
                0x00000478       0x34 .\CortexM3\ARM_GCC_541\Debug\cyfitter_cfg.o
 .text.AnalogSetDefault
                0x000004ac       0x28 .\CortexM3\ARM_GCC_541\Debug\cyfitter_cfg.o
 .text.CYMEMZERO
                0x000004d4        0xc .\CortexM3\ARM_GCC_541\Debug\cyfitter_cfg.o
 .text.ClockSetup
                0x000004e0       0xcc .\CortexM3\ARM_GCC_541\Debug\cyfitter_cfg.o
 .text.CYCONFIGCPY
                0x000005ac        0x8 .\CortexM3\ARM_GCC_541\Debug\cyfitter_cfg.o
 .text.cyfitter_cfg
                0x000005b4      0x100 .\CortexM3\ARM_GCC_541\Debug\cyfitter_cfg.o
                0x000005b4                cyfitter_cfg
 .text.IntDefaultHandler
                0x000006b4       0x10 .\CortexM3\ARM_GCC_541\Debug\Cm3Start.o
                0x000006b4                IntDefaultHandler
 .text._sbrk    0x000006c4       0x30 .\CortexM3\ARM_GCC_541\Debug\Cm3Start.o
                0x000006c4                _sbrk
 .text.Start_c  0x000006f4       0x4c .\CortexM3\ARM_GCC_541\Debug\Cm3Start.o
                0x000006f4                Start_c
 .text.initialize_psoc
                0x00000740       0x68 .\CortexM3\ARM_GCC_541\Debug\Cm3Start.o
                0x00000740                initialize_psoc
 .text.UART_Debug_Init
                0x000007a8       0x24 .\CortexM3\ARM_GCC_541\Debug\AY1920_II_HW_05_PROJ_2.a(UART_Debug.o)
                0x000007a8                UART_Debug_Init
 .text.UART_Debug_Enable
                0x000007cc       0x38 .\CortexM3\ARM_GCC_541\Debug\AY1920_II_HW_05_PROJ_2.a(UART_Debug.o)
                0x000007cc                UART_Debug_Enable
 .text.UART_Debug_Start
                0x00000804       0x1c .\CortexM3\ARM_GCC_541\Debug\AY1920_II_HW_05_PROJ_2.a(UART_Debug.o)
                0x00000804                UART_Debug_Start
 .text.UART_Debug_PutChar
                0x00000820       0x18 .\CortexM3\ARM_GCC_541\Debug\AY1920_II_HW_05_PROJ_2.a(UART_Debug.o)
                0x00000820                UART_Debug_PutChar
 .text.UART_Debug_PutString
                0x00000838       0x24 .\CortexM3\ARM_GCC_541\Debug\AY1920_II_HW_05_PROJ_2.a(UART_Debug.o)
                0x00000838                UART_Debug_PutString
 .text.UART_Debug_PutArray
                0x0000085c       0x28 .\CortexM3\ARM_GCC_541\Debug\AY1920_II_HW_05_PROJ_2.a(UART_Debug.o)
                0x0000085c                UART_Debug_PutArray
 .text.I2C_Master_Init
                0x00000884       0x68 .\CortexM3\ARM_GCC_541\Debug\AY1920_II_HW_05_PROJ_2.a(I2C_Master.o)
                0x00000884                I2C_Master_Init
 .text.I2C_Master_Enable
                0x000008ec       0x24 .\CortexM3\ARM_GCC_541\Debug\AY1920_II_HW_05_PROJ_2.a(I2C_Master.o)
                0x000008ec                I2C_Master_Enable
 .text.I2C_Master_Start
                0x00000910       0x28 .\CortexM3\ARM_GCC_541\Debug\AY1920_II_HW_05_PROJ_2.a(I2C_Master.o)
                0x00000910                I2C_Master_Start
 .text.I2C_Master_ISR
                0x00000938      0x2d0 .\CortexM3\ARM_GCC_541\Debug\AY1920_II_HW_05_PROJ_2.a(I2C_Master_INT.o)
                0x00000938                I2C_Master_ISR
 .text.I2C_Master_MasterSendStart
                0x00000c08       0x80 .\CortexM3\ARM_GCC_541\Debug\AY1920_II_HW_05_PROJ_2.a(I2C_Master_MASTER.o)
                0x00000c08                I2C_Master_MasterSendStart
 .text.I2C_Master_MasterSendRestart
                0x00000c88       0x6c .\CortexM3\ARM_GCC_541\Debug\AY1920_II_HW_05_PROJ_2.a(I2C_Master_MASTER.o)
                0x00000c88                I2C_Master_MasterSendRestart
 .text.I2C_Master_MasterSendStop
                0x00000cf4       0x38 .\CortexM3\ARM_GCC_541\Debug\AY1920_II_HW_05_PROJ_2.a(I2C_Master_MASTER.o)
                0x00000cf4                I2C_Master_MasterSendStop
 .text.I2C_Master_MasterWriteByte
                0x00000d2c       0x58 .\CortexM3\ARM_GCC_541\Debug\AY1920_II_HW_05_PROJ_2.a(I2C_Master_MASTER.o)
                0x00000d2c                I2C_Master_MasterWriteByte
 .text.I2C_Master_MasterReadByte
                0x00000d84       0x58 .\CortexM3\ARM_GCC_541\Debug\AY1920_II_HW_05_PROJ_2.a(I2C_Master_MASTER.o)
                0x00000d84                I2C_Master_MasterReadByte
 .text.UART_Debug_IntClock_Start
                0x00000ddc       0x1c .\CortexM3\ARM_GCC_541\Debug\AY1920_II_HW_05_PROJ_2.a(UART_Debug_IntClock.o)
                0x00000ddc                UART_Debug_IntClock_Start
 .text.CyHalt   0x00000df8        0x4 .\CortexM3\ARM_GCC_541\Debug\AY1920_II_HW_05_PROJ_2.a(CyLib.o)
                0x00000df8                CyHalt
 .text.CyDelay  0x00000dfc       0x2c .\CortexM3\ARM_GCC_541\Debug\AY1920_II_HW_05_PROJ_2.a(CyLib.o)
                0x00000dfc                CyDelay
 .text.CyIntSetVector
                0x00000e28       0x28 .\CortexM3\ARM_GCC_541\Debug\AY1920_II_HW_05_PROJ_2.a(CyLib.o)
                0x00000e28                CyIntSetVector
 .text.CyIntSetPriority
                0x00000e50       0x30 .\CortexM3\ARM_GCC_541\Debug\AY1920_II_HW_05_PROJ_2.a(CyLib.o)
                0x00000e50                CyIntSetPriority
 .text.Timer_Enable
                0x00000e80       0x28 .\CortexM3\ARM_GCC_541\Debug\AY1920_II_HW_05_PROJ_2.a(Timer.o)
                0x00000e80                Timer_Enable
 .text.Timer_SetInterruptMode
                0x00000ea8        0xc .\CortexM3\ARM_GCC_541\Debug\AY1920_II_HW_05_PROJ_2.a(Timer.o)
                0x00000ea8                Timer_SetInterruptMode
 .text.Timer_ReadStatusRegister
                0x00000eb4        0xc .\CortexM3\ARM_GCC_541\Debug\AY1920_II_HW_05_PROJ_2.a(Timer.o)
                0x00000eb4                Timer_ReadStatusRegister
 .text.Timer_WritePeriod
                0x00000ec0        0xc .\CortexM3\ARM_GCC_541\Debug\AY1920_II_HW_05_PROJ_2.a(Timer.o)
                0x00000ec0                Timer_WritePeriod
 .text.Timer_WriteCounter
                0x00000ecc        0xc .\CortexM3\ARM_GCC_541\Debug\AY1920_II_HW_05_PROJ_2.a(Timer.o)
                0x00000ecc                Timer_WriteCounter
 .text.Timer_Init
                0x00000ed8       0x64 .\CortexM3\ARM_GCC_541\Debug\AY1920_II_HW_05_PROJ_2.a(Timer.o)
                0x00000ed8                Timer_Init
 .text.Timer_Start
                0x00000f3c       0x1c .\CortexM3\ARM_GCC_541\Debug\AY1920_II_HW_05_PROJ_2.a(Timer.o)
                0x00000f3c                Timer_Start
 .text.isr_Timer_SetVector
                0x00000f58        0xc .\CortexM3\ARM_GCC_541\Debug\AY1920_II_HW_05_PROJ_2.a(isr_Timer.o)
                0x00000f58                isr_Timer_SetVector
 .text.isr_Timer_SetPriority
                0x00000f64       0x10 .\CortexM3\ARM_GCC_541\Debug\AY1920_II_HW_05_PROJ_2.a(isr_Timer.o)
                0x00000f64                isr_Timer_SetPriority
 .text.isr_Timer_Enable
                0x00000f74        0xc .\CortexM3\ARM_GCC_541\Debug\AY1920_II_HW_05_PROJ_2.a(isr_Timer.o)
                0x00000f74                isr_Timer_Enable
 .text.isr_Timer_Disable
                0x00000f80        0xc .\CortexM3\ARM_GCC_541\Debug\AY1920_II_HW_05_PROJ_2.a(isr_Timer.o)
                0x00000f80                isr_Timer_Disable
 .text.isr_Timer_StartEx
                0x00000f8c       0x1c .\CortexM3\ARM_GCC_541\Debug\AY1920_II_HW_05_PROJ_2.a(isr_Timer.o)
                0x00000f8c                isr_Timer_StartEx
 .text          0x00000fa8       0x20 .\CortexM3\ARM_GCC_541\Debug\AY1920_II_HW_05_PROJ_2.a(CyBootAsmGnu.o)
                0x00000fa8                CyDelayCycles
                0x00000fb8                CyEnterCriticalSection
                0x00000fc0                CyExitCriticalSection
 .text.__errno  0x00000fc8        0xc c:/program files (x86)/cypress/psoc creator/4.3/psoc creator/import/gnu/arm/5.4.1/bin/../lib/gcc/arm-none-eabi/5.4.1/../../../../arm-none-eabi/lib/armv7-m\libg_nano.a(lib_a-errno.o)
                0x00000fc8                __errno
 .text.__libc_init_array
                0x00000fd4       0x4c c:/program files (x86)/cypress/psoc creator/4.3/psoc creator/import/gnu/arm/5.4.1/bin/../lib/gcc/arm-none-eabi/5.4.1/../../../../arm-none-eabi/lib/armv7-m\libg_nano.a(lib_a-init.o)
                0x00000fd4                __libc_init_array
 .text.memcpy   0x00001020       0x16 c:/program files (x86)/cypress/psoc creator/4.3/psoc creator/import/gnu/arm/5.4.1/bin/../lib/gcc/arm-none-eabi/5.4.1/../../../../arm-none-eabi/lib/armv7-m\libg_nano.a(lib_a-memcpy-stub.o)
                0x00001020                memcpy
 .text.memset   0x00001036       0x10 c:/program files (x86)/cypress/psoc creator/4.3/psoc creator/import/gnu/arm/5.4.1/bin/../lib/gcc/arm-none-eabi/5.4.1/../../../../arm-none-eabi/lib/armv7-m\libg_nano.a(lib_a-memset.o)
                0x00001036                memset
 *fill*         0x00001046        0x2 
 .text.sprintf  0x00001048       0x48 c:/program files (x86)/cypress/psoc creator/4.3/psoc creator/import/gnu/arm/5.4.1/bin/../lib/gcc/arm-none-eabi/5.4.1/../../../../arm-none-eabi/lib/armv7-m\libg_nano.a(lib_a-sprintf.o)
                0x00001048                siprintf
                0x00001048                sprintf
 .text.__ssputs_r
                0x00001090       0xb2 c:/program files (x86)/cypress/psoc creator/4.3/psoc creator/import/gnu/arm/5.4.1/bin/../lib/gcc/arm-none-eabi/5.4.1/../../../../arm-none-eabi/lib/armv7-m\libg_nano.a(lib_a-nano-svfprintf.o)
                0x00001090                __ssputs_r
 *fill*         0x00001142        0x2 
 .text._svfprintf_r
                0x00001144      0x1e8 c:/program files (x86)/cypress/psoc creator/4.3/psoc creator/import/gnu/arm/5.4.1/bin/../lib/gcc/arm-none-eabi/5.4.1/../../../../arm-none-eabi/lib/armv7-m\libg_nano.a(lib_a-nano-svfprintf.o)
                0x00001144                _svfiprintf_r
                0x00001144                _svfprintf_r
 .text._printf_common
                0x0000132c       0xec c:/program files (x86)/cypress/psoc creator/4.3/psoc creator/import/gnu/arm/5.4.1/bin/../lib/gcc/arm-none-eabi/5.4.1/../../../../arm-none-eabi/lib/armv7-m\libg_nano.a(lib_a-nano-vfprintf_i.o)
                0x0000132c                _printf_common
 .text._printf_i
                0x00001418      0x24c c:/program files (x86)/cypress/psoc creator/4.3/psoc creator/import/gnu/arm/5.4.1/bin/../lib/gcc/arm-none-eabi/5.4.1/../../../../arm-none-eabi/lib/armv7-m\libg_nano.a(lib_a-nano-vfprintf_i.o)
                0x00001418                _printf_i
 .text.memchr   0x00001664       0x1c c:/program files (x86)/cypress/psoc creator/4.3/psoc creator/import/gnu/arm/5.4.1/bin/../lib/gcc/arm-none-eabi/5.4.1/../../../../arm-none-eabi/lib/armv7-m\libg_nano.a(lib_a-memchr-stub.o)
                0x00001664                memchr
 .text.memmove  0x00001680       0x36 c:/program files (x86)/cypress/psoc creator/4.3/psoc creator/import/gnu/arm/5.4.1/bin/../lib/gcc/arm-none-eabi/5.4.1/../../../../arm-none-eabi/lib/armv7-m\libg_nano.a(lib_a-memmove.o)
                0x00001680                memmove
 *fill*         0x000016b6        0x2 
 .text._free_r  0x000016b8       0x98 c:/program files (x86)/cypress/psoc creator/4.3/psoc creator/import/gnu/arm/5.4.1/bin/../lib/gcc/arm-none-eabi/5.4.1/../../../../arm-none-eabi/lib/armv7-m\libg_nano.a(lib_a-nano-freer.o)
                0x000016b8                _free_r
 .text._malloc_r
                0x00001750       0xbc c:/program files (x86)/cypress/psoc creator/4.3/psoc creator/import/gnu/arm/5.4.1/bin/../lib/gcc/arm-none-eabi/5.4.1/../../../../arm-none-eabi/lib/armv7-m\libg_nano.a(lib_a-nano-mallocr.o)
                0x00001750                _malloc_r
 .text._realloc_r
                0x0000180c       0x4c c:/program files (x86)/cypress/psoc creator/4.3/psoc creator/import/gnu/arm/5.4.1/bin/../lib/gcc/arm-none-eabi/5.4.1/../../../../arm-none-eabi/lib/armv7-m\libg_nano.a(lib_a-nano-reallocr.o)
                0x0000180c                _realloc_r
 .text._sbrk_r  0x00001858       0x20 c:/program files (x86)/cypress/psoc creator/4.3/psoc creator/import/gnu/arm/5.4.1/bin/../lib/gcc/arm-none-eabi/5.4.1/../../../../arm-none-eabi/lib/armv7-m\libg_nano.a(lib_a-sbrkr.o)
                0x00001858                _sbrk_r
 .text.__malloc_lock
                0x00001878        0x2 c:/program files (x86)/cypress/psoc creator/4.3/psoc creator/import/gnu/arm/5.4.1/bin/../lib/gcc/arm-none-eabi/5.4.1/../../../../arm-none-eabi/lib/armv7-m\libg_nano.a(lib_a-mlock.o)
                0x00001878                __malloc_lock
 .text.__malloc_unlock
                0x0000187a        0x2 c:/program files (x86)/cypress/psoc creator/4.3/psoc creator/import/gnu/arm/5.4.1/bin/../lib/gcc/arm-none-eabi/5.4.1/../../../../arm-none-eabi/lib/armv7-m\libg_nano.a(lib_a-mlock.o)
                0x0000187a                __malloc_unlock
 .text._malloc_usable_size_r
                0x0000187c       0x14 c:/program files (x86)/cypress/psoc creator/4.3/psoc creator/import/gnu/arm/5.4.1/bin/../lib/gcc/arm-none-eabi/5.4.1/../../../../arm-none-eabi/lib/armv7-m\libg_nano.a(lib_a-nano-msizer.o)
                0x0000187c                _malloc_usable_size_r
 *(.plt)
 *(.gnu.warning)
 *(.glue_7t)
 .glue_7t       0x00001890        0x0 linker stubs
 *(.glue_7)
 .glue_7        0x00001890        0x0 linker stubs
 *(.vfp11_veneer)
 .vfp11_veneer  0x00001890        0x0 linker stubs
 *(.bootloader)
 *(.ARM.extab* .gnu.linkonce.armextab.*)
 *(.gcc_except_table)

.v4_bx          0x00001890        0x0
 .v4_bx         0x00001890        0x0 linker stubs

.iplt           0x00001890        0x0
 .iplt          0x00001890        0x0 c:/program files (x86)/cypress/psoc creator/4.3/psoc creator/import/gnu/arm/5.4.1/bin/../lib/gcc/arm-none-eabi/5.4.1/armv7-m/crtbegin.o

.eh_frame_hdr
 *(.eh_frame_hdr)

.eh_frame       0x00001890        0x4
 *(.eh_frame)
 .eh_frame      0x00001890        0x0 c:/program files (x86)/cypress/psoc creator/4.3/psoc creator/import/gnu/arm/5.4.1/bin/../lib/gcc/arm-none-eabi/5.4.1/armv7-m/crtbegin.o
 .eh_frame      0x00001890        0x4 c:/program files (x86)/cypress/psoc creator/4.3/psoc creator/import/gnu/arm/5.4.1/bin/../lib/gcc/arm-none-eabi/5.4.1/armv7-m/crtend.o
                [!provide]                PROVIDE (__exidx_start, .)

.ARM.exidx
 *(.ARM.exidx* .gnu.linkonce.armexidx.*)
                0x00001894                __exidx_end = .

.rodata         0x00001894      0x3ec
 *(.rodata .rodata.* .gnu.linkonce.r.*)
 .rodata.str1.4
                0x00001894      0x324 .\CortexM3\ARM_GCC_541\Debug\main.o
                                0x321 (size before relaxing)
 .rodata        0x00001bb8       0x58 .\CortexM3\ARM_GCC_541\Debug\cyfitter_cfg.o
 .rodata.str1.1
                0x00001c10        0x2 c:/program files (x86)/cypress/psoc creator/4.3/psoc creator/import/gnu/arm/5.4.1/bin/../lib/gcc/arm-none-eabi/5.4.1/../../../../arm-none-eabi/lib/armv7-m\libg_nano.a(lib_a-impure.o)
 .rodata.str1.1
                0x00001c12       0x11 c:/program files (x86)/cypress/psoc creator/4.3/psoc creator/import/gnu/arm/5.4.1/bin/../lib/gcc/arm-none-eabi/5.4.1/../../../../arm-none-eabi/lib/armv7-m\libg_nano.a(lib_a-nano-svfprintf.o)
 .rodata.str1.1
                0x00001c23       0x22 c:/program files (x86)/cypress/psoc creator/4.3/psoc creator/import/gnu/arm/5.4.1/bin/../lib/gcc/arm-none-eabi/5.4.1/../../../../arm-none-eabi/lib/armv7-m\libg_nano.a(lib_a-nano-vfprintf_i.o)
                0x00001c48                . = ALIGN (0x4)
 *fill*         0x00001c45        0x3 
 *(.init)
 .init          0x00001c48        0x4 c:/program files (x86)/cypress/psoc creator/4.3/psoc creator/import/gnu/arm/5.4.1/bin/../lib/gcc/arm-none-eabi/5.4.1/armv7-m/crti.o
                0x00001c48                _init
 .init          0x00001c4c        0x8 c:/program files (x86)/cypress/psoc creator/4.3/psoc creator/import/gnu/arm/5.4.1/bin/../lib/gcc/arm-none-eabi/5.4.1/armv7-m/crtn.o
                0x00001c54                . = ALIGN (0x4)
                0x00001c54                __preinit_array_start = .
 *(.preinit_array)
                0x00001c54                __preinit_array_end = .
                0x00001c54                . = ALIGN (0x4)
                0x00001c54                __init_array_start = .
 *(SORT(.init_array.*))
 *(.init_array)
 .init_array    0x00001c54        0x4 c:/program files (x86)/cypress/psoc creator/4.3/psoc creator/import/gnu/arm/5.4.1/bin/../lib/gcc/arm-none-eabi/5.4.1/armv7-m/crtbegin.o
 .init_array    0x00001c58        0x4 .\CortexM3\ARM_GCC_541\Debug\Cm3Start.o
                0x00001c5c                __init_array_end = .
                0x00001c5c                . = ALIGN (0x4)
 *(.fini)
 .fini          0x00001c5c        0x4 c:/program files (x86)/cypress/psoc creator/4.3/psoc creator/import/gnu/arm/5.4.1/bin/../lib/gcc/arm-none-eabi/5.4.1/armv7-m/crti.o
                0x00001c5c                _fini
 .fini          0x00001c60        0x8 c:/program files (x86)/cypress/psoc creator/4.3/psoc creator/import/gnu/arm/5.4.1/bin/../lib/gcc/arm-none-eabi/5.4.1/armv7-m/crtn.o
                0x00001c68                . = ALIGN (0x4)
                0x00001c68                __fini_array_start = .
 *(.fini_array)
 .fini_array    0x00001c68        0x4 c:/program files (x86)/cypress/psoc creator/4.3/psoc creator/import/gnu/arm/5.4.1/bin/../lib/gcc/arm-none-eabi/5.4.1/armv7-m/crtbegin.o
 *(SORT(.fini_array.*))
                0x00001c6c                __fini_array_end = .
                0x00001c6c                . = ALIGN (0x4)
 *crtbegin.o(.ctors)
 *(EXCLUDE_FILE(*crtend.o) .ctors)
 *(SORT(.ctors.*))
 *crtend.o(.ctors)
                0x00001c6c                . = ALIGN (0x4)
 *crtbegin.o(.dtors)
 *(EXCLUDE_FILE(*crtend.o) .dtors)
 *(SORT(.dtors.*))
 *crtend.o(.dtors)
                0x00001c6c                . = ALIGN (0x4)
                0x00001c6c                __cy_regions = .
                0x00001c6c        0x4 LONG 0x1c80 __cy_region_init_ram
                0x00001c70        0x4 LONG 0x1fff80c8 __cy_region_start_data
                0x00001c74        0x4 LONG 0x80 __cy_region_init_size_ram
                0x00001c78        0x4 LONG 0x40 __cy_region_zero_size_ram
                0x00001c7c                __cy_regions_end = .
                0x00001c80                . = ALIGN (0x8)
 *fill*         0x00001c7c        0x4 
                0x00001c80                _etext = .

.cy_checksum_exclude
                0x00001c80        0x0
 *(.cy_checksum_exclude)

.ramvectors     0x1fff8000       0xc0
                0x1fff8000                __cy_region_start_ram = .
 *(.ramvectors)
 .ramvectors    0x1fff8000       0xc0 .\CortexM3\ARM_GCC_541\Debug\Cm3Start.o
                0x1fff8000                CyRamVectors

.noinit         0x1fff80c0        0x1
 *(.noinit)
 .noinit        0x1fff80c0        0x1 .\CortexM3\ARM_GCC_541\Debug\AY1920_II_HW_05_PROJ_2.a(CyLib.o)
                0x1fff80c0                CyResetStatus

.data           0x1fff80c8       0x80 load address 0x00001c80
                0x1fff80c8                __cy_region_start_data = .
 *(.jcr)
 .jcr           0x1fff80c8        0x0 c:/program files (x86)/cypress/psoc creator/4.3/psoc creator/import/gnu/arm/5.4.1/bin/../lib/gcc/arm-none-eabi/5.4.1/armv7-m/crtbegin.o
 .jcr           0x1fff80c8        0x4 c:/program files (x86)/cypress/psoc creator/4.3/psoc creator/import/gnu/arm/5.4.1/bin/../lib/gcc/arm-none-eabi/5.4.1/armv7-m/crtend.o
 *(.got.plt)
 *(.got)
 *(.shdata)
 *(.data .data.* .gnu.linkonce.d.*)
 .data          0x1fff80cc        0x4 .\CortexM3\ARM_GCC_541\Debug\Cm3Start.o
 .data          0x1fff80d0       0x10 .\CortexM3\ARM_GCC_541\Debug\AY1920_II_HW_05_PROJ_2.a(CyLib.o)
                0x1fff80d0                cydelay_32k_ms
                0x1fff80d4                cydelay_freq_khz
                0x1fff80d8                cydelay_freq_mhz
                0x1fff80dc                cydelay_freq_hz
 .data.impure_data
                0x1fff80e0       0x60 c:/program files (x86)/cypress/psoc creator/4.3/psoc creator/import/gnu/arm/5.4.1/bin/../lib/gcc/arm-none-eabi/5.4.1/../../../../arm-none-eabi/lib/armv7-m\libg_nano.a(lib_a-impure.o)
 .data._impure_ptr
                0x1fff8140        0x4 c:/program files (x86)/cypress/psoc creator/4.3/psoc creator/import/gnu/arm/5.4.1/bin/../lib/gcc/arm-none-eabi/5.4.1/../../../../arm-none-eabi/lib/armv7-m\libg_nano.a(lib_a-impure.o)
                0x1fff8140                _impure_ptr
                0x1fff8148                . = ALIGN (0x8)
 *fill*         0x1fff8144        0x4 
 *(.ram)
                0x1fff8148                _edata = .

.igot.plt       0x1fff8148        0x0 load address 0x00001d00
 .igot.plt      0x1fff8148        0x0 c:/program files (x86)/cypress/psoc creator/4.3/psoc creator/import/gnu/arm/5.4.1/bin/../lib/gcc/arm-none-eabi/5.4.1/armv7-m/crtbegin.o

.bss            0x1fff8148       0x40 load address 0x00001d00
                0x1fff8148                PROVIDE (__bss_start__, .)
 *(.shbss)
 *(.bss .bss.* .gnu.linkonce.b.*)
 .bss           0x1fff8148       0x1c c:/program files (x86)/cypress/psoc creator/4.3/psoc creator/import/gnu/arm/5.4.1/bin/../lib/gcc/arm-none-eabi/5.4.1/armv7-m/crtbegin.o
 .bss           0x1fff8164        0x2 .\CortexM3\ARM_GCC_541\Debug\AY1920_II_HW_05_PROJ_2.a(UART_Debug.o)
                0x1fff8164                UART_Debug_initVar
 .bss           0x1fff8166        0x1 .\CortexM3\ARM_GCC_541\Debug\AY1920_II_HW_05_PROJ_2.a(I2C_Master.o)
                0x1fff8166                I2C_Master_initVar
 .bss           0x1fff8167        0x1 .\CortexM3\ARM_GCC_541\Debug\AY1920_II_HW_05_PROJ_2.a(Timer.o)
                0x1fff8167                Timer_initVar
 .bss.__malloc_sbrk_start
                0x1fff8168        0x4 c:/program files (x86)/cypress/psoc creator/4.3/psoc creator/import/gnu/arm/5.4.1/bin/../lib/gcc/arm-none-eabi/5.4.1/../../../../arm-none-eabi/lib/armv7-m\libg_nano.a(lib_a-nano-mallocr.o)
                0x1fff8168                __malloc_sbrk_start
 .bss.__malloc_free_list
                0x1fff816c        0x4 c:/program files (x86)/cypress/psoc creator/4.3/psoc creator/import/gnu/arm/5.4.1/bin/../lib/gcc/arm-none-eabi/5.4.1/../../../../arm-none-eabi/lib/armv7-m\libg_nano.a(lib_a-nano-mallocr.o)
                0x1fff816c                __malloc_free_list
 *(COMMON)
 COMMON         0x1fff8170        0x1 .\CortexM3\ARM_GCC_541\Debug\main.o
                0x1fff8170                Start_reading_flag
 COMMON         0x1fff8171        0x1 .\CortexM3\ARM_GCC_541\Debug\AY1920_II_HW_05_PROJ_2.a(I2C_Master.o)
                0x1fff8171                I2C_Master_state
 *fill*         0x1fff8172        0x2 
 COMMON         0x1fff8174        0xf .\CortexM3\ARM_GCC_541\Debug\AY1920_II_HW_05_PROJ_2.a(I2C_Master_MASTER.o)
                0x1fff8174                I2C_Master_mstrRdBufIndex
                0x1fff8175                I2C_Master_mstrWrBufIndex
                0x1fff8176                I2C_Master_mstrWrBufSize
                0x1fff8178                I2C_Master_mstrWrBufPtr
                0x1fff817c                I2C_Master_mstrRdBufPtr
                0x1fff8180                I2C_Master_mstrControl
                0x1fff8181                I2C_Master_mstrStatus
                0x1fff8182                I2C_Master_mstrRdBufSize
 *fill*         0x1fff8183        0x1 
 COMMON         0x1fff8184        0x4 c:/program files (x86)/cypress/psoc creator/4.3/psoc creator/import/gnu/arm/5.4.1/bin/../lib/gcc/arm-none-eabi/5.4.1/../../../../arm-none-eabi/lib/armv7-m\libg_nano.a(lib_a-reent.o)
                0x1fff8184                errno
                0x1fff8188                . = ALIGN (0x8)
 *(.ram.b)
                0x1fff8188                _end = .
                0x1fff8188                __end = .
                0x1fff8188                PROVIDE (end, .)
                0x1fff8188                PROVIDE (__bss_end__, .)
                0x00001c80                __cy_region_init_ram = LOADADDR (.data)
                0x00000080                __cy_region_init_size_ram = (_edata - ADDR (.data))
                0x00000040                __cy_region_zero_size_ram = (_end - _edata)

.heap           0x1fff8188       0x80 load address 0x00001d00
                0x1fff8188                . = _end
                0x1fff8208                . = (. + 0x80)
 *fill*         0x1fff8188       0x80 
                0x1fff8208                __cy_heap_limit = .

.stack          0x20007800      0x800
                0x20007800                __cy_stack_limit = .
                0x20008000                . = (. + 0x800)
 *fill*         0x20007800      0x800 
                0x00000001                ASSERT ((__cy_stack_limit >= __cy_heap_limit), region RAM overflowed with stack)
                0x00000000                cy_checksum_exclude_size = (CY_APPL_LOADABLE == 0x1)?SIZEOF (.cy_checksum_exclude):0x0
                0x00000001                ASSERT ((cy_checksum_exclude_size <= CY_CHECKSUM_EXCLUDE_SIZE), CY_BOOT: Section .cy_checksum_exclude size exceedes specified limit.)

.cyloadermeta
 *(.cyloadermeta)

.cyloadablemeta
 *(.cyloadablemeta)

.cyconfigecc    0x80000000      0x380
 *(.cyconfigecc)
 .cyconfigecc   0x80000000      0x380 .\CortexM3\ARM_GCC_541\Debug\cymetadata.o
                0x80000000                cy_meta_configecc

.cycustnvl      0x90000000        0x4
 *(.cycustnvl)
 .cycustnvl     0x90000000        0x4 .\CortexM3\ARM_GCC_541\Debug\cymetadata.o
                0x90000000                cy_meta_custnvl

.cywolatch      0x90100000        0x4
 *(.cywolatch)
 .cywolatch     0x90100000        0x4 .\CortexM3\ARM_GCC_541\Debug\cymetadata.o
                0x90100000                cy_meta_wonvl

.cyeeprom       0x90200000        0x0
 *(.cyeeprom)
                0x00000001                ASSERT ((. <= ((0x90200000 + ee_offset) + ee_size)), .cyeeprom data will not fit in EEPROM)

.cyflashprotect
                0x90400000      0x100
 *(.cyflashprotect)
 .cyflashprotect
                0x90400000      0x100 .\CortexM3\ARM_GCC_541\Debug\cymetadata.o
                0x90400000                cy_meta_flashprotect

.cymeta         0x90500000        0xc
 *(.cymeta)
 .cymeta        0x90500000        0xc .\CortexM3\ARM_GCC_541\Debug\cymetadata.o
                0x90500000                cy_metadata

.rel.dyn        0x00001d00        0x0 load address 0x9050000c
 .rel.iplt      0x00001d00        0x0 c:/program files (x86)/cypress/psoc creator/4.3/psoc creator/import/gnu/arm/5.4.1/bin/../lib/gcc/arm-none-eabi/5.4.1/armv7-m/crtbegin.o

.stab
 *(.stab)

.stabstr
 *(.stabstr)

.debug
 *(.debug)

.line
 *(.line)

.debug_srcinfo
 *(.debug_srcinfo)

.debug_sfnames
 *(.debug_sfnames)

.debug_aranges  0x00000000      0x920
 *(.debug_aranges)
 .debug_aranges
                0x00000000       0x20 .\CortexM3\ARM_GCC_541\Debug\main.o
 .debug_aranges
                0x00000020       0x50 .\CortexM3\ARM_GCC_541\Debug\I2C_Interface.o
 .debug_aranges
                0x00000070       0x20 .\CortexM3\ARM_GCC_541\Debug\InterruptRoutines.o
 .debug_aranges
                0x00000090       0x58 .\CortexM3\ARM_GCC_541\Debug\cyfitter_cfg.o
 .debug_aranges
                0x000000e8       0x18 .\CortexM3\ARM_GCC_541\Debug\cymetadata.o
 .debug_aranges
                0x00000100       0x48 .\CortexM3\ARM_GCC_541\Debug\Cm3Start.o
 .debug_aranges
                0x00000148       0xf0 .\CortexM3\ARM_GCC_541\Debug\AY1920_II_HW_05_PROJ_2.a(UART_Debug.o)
 .debug_aranges
                0x00000238       0x38 .\CortexM3\ARM_GCC_541\Debug\AY1920_II_HW_05_PROJ_2.a(I2C_Master.o)
 .debug_aranges
                0x00000270       0x20 .\CortexM3\ARM_GCC_541\Debug\AY1920_II_HW_05_PROJ_2.a(I2C_Master_INT.o)
 .debug_aranges
                0x00000290       0x38 .\CortexM3\ARM_GCC_541\Debug\AY1920_II_HW_05_PROJ_2.a(I2C_Master_PM.o)
 .debug_aranges
                0x000002c8       0x80 .\CortexM3\ARM_GCC_541\Debug\AY1920_II_HW_05_PROJ_2.a(I2C_Master_MASTER.o)
 .debug_aranges
                0x00000348       0x70 .\CortexM3\ARM_GCC_541\Debug\AY1920_II_HW_05_PROJ_2.a(UART_Debug_IntClock.o)
 .debug_aranges
                0x000003b8      0x2a0 .\CortexM3\ARM_GCC_541\Debug\AY1920_II_HW_05_PROJ_2.a(CyLib.o)
 .debug_aranges
                0x00000658       0x98 .\CortexM3\ARM_GCC_541\Debug\AY1920_II_HW_05_PROJ_2.a(cyPm.o)
 .debug_aranges
                0x000006f0       0x88 .\CortexM3\ARM_GCC_541\Debug\AY1920_II_HW_05_PROJ_2.a(Timer.o)
 .debug_aranges
                0x00000778       0x80 .\CortexM3\ARM_GCC_541\Debug\AY1920_II_HW_05_PROJ_2.a(isr_Timer.o)
 .debug_aranges
                0x000007f8       0x20 .\CortexM3\ARM_GCC_541\Debug\AY1920_II_HW_05_PROJ_2.a(CyBootAsmGnu.o)
 .debug_aranges
                0x00000818       0x88 .\CortexM3\ARM_GCC_541\Debug\AY1920_II_HW_05_PROJ_2.a(CyFlash.o)
 .debug_aranges
                0x000008a0       0x80 .\CortexM3\ARM_GCC_541\Debug\AY1920_II_HW_05_PROJ_2.a(CySpc.o)

.debug_pubnames
 *(.debug_pubnames)

.debug_info     0x00000000     0x5a2c
 *(.debug_info .gnu.linkonce.wi.*)
 .debug_info    0x00000000      0x7ff .\CortexM3\ARM_GCC_541\Debug\main.o
 .debug_info    0x000007ff      0x486 .\CortexM3\ARM_GCC_541\Debug\I2C_Interface.o
 .debug_info    0x00000c85      0x102 .\CortexM3\ARM_GCC_541\Debug\InterruptRoutines.o
 .debug_info    0x00000d87      0x583 .\CortexM3\ARM_GCC_541\Debug\cyfitter_cfg.o
 .debug_info    0x0000130a      0x135 .\CortexM3\ARM_GCC_541\Debug\cymetadata.o
 .debug_info    0x0000143f      0x3bb .\CortexM3\ARM_GCC_541\Debug\Cm3Start.o
 .debug_info    0x000017fa      0x60c .\CortexM3\ARM_GCC_541\Debug\AY1920_II_HW_05_PROJ_2.a(UART_Debug.o)
 .debug_info    0x00001e06      0x2ad .\CortexM3\ARM_GCC_541\Debug\AY1920_II_HW_05_PROJ_2.a(I2C_Master.o)
 .debug_info    0x000020b3      0x184 .\CortexM3\ARM_GCC_541\Debug\AY1920_II_HW_05_PROJ_2.a(I2C_Master_INT.o)
 .debug_info    0x00002237      0x207 .\CortexM3\ARM_GCC_541\Debug\AY1920_II_HW_05_PROJ_2.a(I2C_Master_PM.o)
 .debug_info    0x0000243e      0x407 .\CortexM3\ARM_GCC_541\Debug\AY1920_II_HW_05_PROJ_2.a(I2C_Master_MASTER.o)
 .debug_info    0x00002845      0x283 .\CortexM3\ARM_GCC_541\Debug\AY1920_II_HW_05_PROJ_2.a(UART_Debug_IntClock.o)
 .debug_info    0x00002ac8     0x1374 .\CortexM3\ARM_GCC_541\Debug\AY1920_II_HW_05_PROJ_2.a(CyLib.o)
 .debug_info    0x00003e3c      0xa2a .\CortexM3\ARM_GCC_541\Debug\AY1920_II_HW_05_PROJ_2.a(cyPm.o)
 .debug_info    0x00004866      0x293 .\CortexM3\ARM_GCC_541\Debug\AY1920_II_HW_05_PROJ_2.a(Timer.o)
 .debug_info    0x00004af9      0x2d2 .\CortexM3\ARM_GCC_541\Debug\AY1920_II_HW_05_PROJ_2.a(isr_Timer.o)
 .debug_info    0x00004dcb       0xc4 .\CortexM3\ARM_GCC_541\Debug\AY1920_II_HW_05_PROJ_2.a(CyBootAsmGnu.o)
 .debug_info    0x00004e8f      0x64d .\CortexM3\ARM_GCC_541\Debug\AY1920_II_HW_05_PROJ_2.a(CyFlash.o)
 .debug_info    0x000054dc      0x550 .\CortexM3\ARM_GCC_541\Debug\AY1920_II_HW_05_PROJ_2.a(CySpc.o)

.debug_abbrev   0x00000000     0x17ec
 *(.debug_abbrev)
 .debug_abbrev  0x00000000      0x15b .\CortexM3\ARM_GCC_541\Debug\main.o
 .debug_abbrev  0x0000015b      0x110 .\CortexM3\ARM_GCC_541\Debug\I2C_Interface.o
 .debug_abbrev  0x0000026b       0xa3 .\CortexM3\ARM_GCC_541\Debug\InterruptRoutines.o
 .debug_abbrev  0x0000030e      0x20d .\CortexM3\ARM_GCC_541\Debug\cyfitter_cfg.o
 .debug_abbrev  0x0000051b       0x66 .\CortexM3\ARM_GCC_541\Debug\cymetadata.o
 .debug_abbrev  0x00000581      0x1e8 .\CortexM3\ARM_GCC_541\Debug\Cm3Start.o
 .debug_abbrev  0x00000769      0x175 .\CortexM3\ARM_GCC_541\Debug\AY1920_II_HW_05_PROJ_2.a(UART_Debug.o)
 .debug_abbrev  0x000008de      0x10a .\CortexM3\ARM_GCC_541\Debug\AY1920_II_HW_05_PROJ_2.a(I2C_Master.o)
 .debug_abbrev  0x000009e8       0xb6 .\CortexM3\ARM_GCC_541\Debug\AY1920_II_HW_05_PROJ_2.a(I2C_Master_INT.o)
 .debug_abbrev  0x00000a9e       0xfe .\CortexM3\ARM_GCC_541\Debug\AY1920_II_HW_05_PROJ_2.a(I2C_Master_PM.o)
 .debug_abbrev  0x00000b9c      0x13c .\CortexM3\ARM_GCC_541\Debug\AY1920_II_HW_05_PROJ_2.a(I2C_Master_MASTER.o)
 .debug_abbrev  0x00000cd8      0x139 .\CortexM3\ARM_GCC_541\Debug\AY1920_II_HW_05_PROJ_2.a(UART_Debug_IntClock.o)
 .debug_abbrev  0x00000e11      0x254 .\CortexM3\ARM_GCC_541\Debug\AY1920_II_HW_05_PROJ_2.a(CyLib.o)
 .debug_abbrev  0x00001065      0x1ab .\CortexM3\ARM_GCC_541\Debug\AY1920_II_HW_05_PROJ_2.a(cyPm.o)
 .debug_abbrev  0x00001210      0x11a .\CortexM3\ARM_GCC_541\Debug\AY1920_II_HW_05_PROJ_2.a(Timer.o)
 .debug_abbrev  0x0000132a      0x173 .\CortexM3\ARM_GCC_541\Debug\AY1920_II_HW_05_PROJ_2.a(isr_Timer.o)
 .debug_abbrev  0x0000149d       0x14 .\CortexM3\ARM_GCC_541\Debug\AY1920_II_HW_05_PROJ_2.a(CyBootAsmGnu.o)
 .debug_abbrev  0x000014b1      0x1a7 .\CortexM3\ARM_GCC_541\Debug\AY1920_II_HW_05_PROJ_2.a(CyFlash.o)
 .debug_abbrev  0x00001658      0x194 .\CortexM3\ARM_GCC_541\Debug\AY1920_II_HW_05_PROJ_2.a(CySpc.o)

.debug_line     0x00000000     0x27d5
 *(.debug_line)
 .debug_line    0x00000000      0x2b7 .\CortexM3\ARM_GCC_541\Debug\main.o
 .debug_line    0x000002b7      0x20b .\CortexM3\ARM_GCC_541\Debug\I2C_Interface.o
 .debug_line    0x000004c2      0x196 .\CortexM3\ARM_GCC_541\Debug\InterruptRoutines.o
 .debug_line    0x00000658      0x1f4 .\CortexM3\ARM_GCC_541\Debug\cyfitter_cfg.o
 .debug_line    0x0000084c      0x141 .\CortexM3\ARM_GCC_541\Debug\cymetadata.o
 .debug_line    0x0000098d      0x234 .\CortexM3\ARM_GCC_541\Debug\Cm3Start.o
 .debug_line    0x00000bc1      0x2c8 .\CortexM3\ARM_GCC_541\Debug\AY1920_II_HW_05_PROJ_2.a(UART_Debug.o)
 .debug_line    0x00000e89       0xee .\CortexM3\ARM_GCC_541\Debug\AY1920_II_HW_05_PROJ_2.a(I2C_Master.o)
 .debug_line    0x00000f77      0x122 .\CortexM3\ARM_GCC_541\Debug\AY1920_II_HW_05_PROJ_2.a(I2C_Master_INT.o)
 .debug_line    0x00001099       0xc9 .\CortexM3\ARM_GCC_541\Debug\AY1920_II_HW_05_PROJ_2.a(I2C_Master_PM.o)
 .debug_line    0x00001162      0x20b .\CortexM3\ARM_GCC_541\Debug\AY1920_II_HW_05_PROJ_2.a(I2C_Master_MASTER.o)
 .debug_line    0x0000136d      0x182 .\CortexM3\ARM_GCC_541\Debug\AY1920_II_HW_05_PROJ_2.a(UART_Debug_IntClock.o)
 .debug_line    0x000014ef      0x816 .\CortexM3\ARM_GCC_541\Debug\AY1920_II_HW_05_PROJ_2.a(CyLib.o)
 .debug_line    0x00001d05      0x367 .\CortexM3\ARM_GCC_541\Debug\AY1920_II_HW_05_PROJ_2.a(cyPm.o)
 .debug_line    0x0000206c      0x153 .\CortexM3\ARM_GCC_541\Debug\AY1920_II_HW_05_PROJ_2.a(Timer.o)
 .debug_line    0x000021bf      0x136 .\CortexM3\ARM_GCC_541\Debug\AY1920_II_HW_05_PROJ_2.a(isr_Timer.o)
 .debug_line    0x000022f5       0x66 .\CortexM3\ARM_GCC_541\Debug\AY1920_II_HW_05_PROJ_2.a(CyBootAsmGnu.o)
 .debug_line    0x0000235b      0x21a .\CortexM3\ARM_GCC_541\Debug\AY1920_II_HW_05_PROJ_2.a(CyFlash.o)
 .debug_line    0x00002575      0x260 .\CortexM3\ARM_GCC_541\Debug\AY1920_II_HW_05_PROJ_2.a(CySpc.o)

.debug_frame    0x00000000     0x1ac4
 *(.debug_frame)
 .debug_frame   0x00000000       0x2c .\CortexM3\ARM_GCC_541\Debug\main.o
 .debug_frame   0x0000002c       0xfc .\CortexM3\ARM_GCC_541\Debug\I2C_Interface.o
 .debug_frame   0x00000128       0x2c .\CortexM3\ARM_GCC_541\Debug\InterruptRoutines.o
 .debug_frame   0x00000154       0xe4 .\CortexM3\ARM_GCC_541\Debug\cyfitter_cfg.o
 .debug_frame   0x00000238       0xb8 .\CortexM3\ARM_GCC_541\Debug\Cm3Start.o
 .debug_frame   0x000002f0      0x250 .\CortexM3\ARM_GCC_541\Debug\AY1920_II_HW_05_PROJ_2.a(UART_Debug.o)
 .debug_frame   0x00000540       0x94 .\CortexM3\ARM_GCC_541\Debug\AY1920_II_HW_05_PROJ_2.a(I2C_Master.o)
 .debug_frame   0x000005d4       0x30 .\CortexM3\ARM_GCC_541\Debug\AY1920_II_HW_05_PROJ_2.a(I2C_Master_INT.o)
 .debug_frame   0x00000604       0x74 .\CortexM3\ARM_GCC_541\Debug\AY1920_II_HW_05_PROJ_2.a(I2C_Master_PM.o)
 .debug_frame   0x00000678      0x138 .\CortexM3\ARM_GCC_541\Debug\AY1920_II_HW_05_PROJ_2.a(I2C_Master_MASTER.o)
 .debug_frame   0x000007b0       0xe0 .\CortexM3\ARM_GCC_541\Debug\AY1920_II_HW_05_PROJ_2.a(UART_Debug_IntClock.o)
 .debug_frame   0x00000890      0x738 .\CortexM3\ARM_GCC_541\Debug\AY1920_II_HW_05_PROJ_2.a(CyLib.o)
 .debug_frame   0x00000fc8      0x1f8 .\CortexM3\ARM_GCC_541\Debug\AY1920_II_HW_05_PROJ_2.a(cyPm.o)
 .debug_frame   0x000011c0      0x108 .\CortexM3\ARM_GCC_541\Debug\AY1920_II_HW_05_PROJ_2.a(Timer.o)
 .debug_frame   0x000012c8      0x104 .\CortexM3\ARM_GCC_541\Debug\AY1920_II_HW_05_PROJ_2.a(isr_Timer.o)
 .debug_frame   0x000013cc      0x194 .\CortexM3\ARM_GCC_541\Debug\AY1920_II_HW_05_PROJ_2.a(CyFlash.o)
 .debug_frame   0x00001560      0x180 .\CortexM3\ARM_GCC_541\Debug\AY1920_II_HW_05_PROJ_2.a(CySpc.o)
 .debug_frame   0x000016e0       0x20 c:/program files (x86)/cypress/psoc creator/4.3/psoc creator/import/gnu/arm/5.4.1/bin/../lib/gcc/arm-none-eabi/5.4.1/../../../../arm-none-eabi/lib/armv7-m\libg_nano.a(lib_a-errno.o)
 .debug_frame   0x00001700       0x28 c:/program files (x86)/cypress/psoc creator/4.3/psoc creator/import/gnu/arm/5.4.1/bin/../lib/gcc/arm-none-eabi/5.4.1/../../../../arm-none-eabi/lib/armv7-m\libg_nano.a(lib_a-exit.o)
 .debug_frame   0x00001728       0x2c c:/program files (x86)/cypress/psoc creator/4.3/psoc creator/import/gnu/arm/5.4.1/bin/../lib/gcc/arm-none-eabi/5.4.1/../../../../arm-none-eabi/lib/armv7-m\libg_nano.a(lib_a-init.o)
 .debug_frame   0x00001754       0x28 c:/program files (x86)/cypress/psoc creator/4.3/psoc creator/import/gnu/arm/5.4.1/bin/../lib/gcc/arm-none-eabi/5.4.1/../../../../arm-none-eabi/lib/armv7-m\libg_nano.a(lib_a-memcpy-stub.o)
 .debug_frame   0x0000177c       0x20 c:/program files (x86)/cypress/psoc creator/4.3/psoc creator/import/gnu/arm/5.4.1/bin/../lib/gcc/arm-none-eabi/5.4.1/../../../../arm-none-eabi/lib/armv7-m\libg_nano.a(lib_a-memset.o)
 .debug_frame   0x0000179c       0x70 c:/program files (x86)/cypress/psoc creator/4.3/psoc creator/import/gnu/arm/5.4.1/bin/../lib/gcc/arm-none-eabi/5.4.1/../../../../arm-none-eabi/lib/armv7-m\libg_nano.a(lib_a-sprintf.o)
 .debug_frame   0x0000180c       0x90 c:/program files (x86)/cypress/psoc creator/4.3/psoc creator/import/gnu/arm/5.4.1/bin/../lib/gcc/arm-none-eabi/5.4.1/../../../../arm-none-eabi/lib/armv7-m\libg_nano.a(lib_a-nano-svfprintf.o)
 .debug_frame   0x0000189c       0x60 c:/program files (x86)/cypress/psoc creator/4.3/psoc creator/import/gnu/arm/5.4.1/bin/../lib/gcc/arm-none-eabi/5.4.1/../../../../arm-none-eabi/lib/armv7-m\libg_nano.a(lib_a-nano-vfprintf_i.o)
 .debug_frame   0x000018fc       0x28 c:/program files (x86)/cypress/psoc creator/4.3/psoc creator/import/gnu/arm/5.4.1/bin/../lib/gcc/arm-none-eabi/5.4.1/../../../../arm-none-eabi/lib/armv7-m\libg_nano.a(lib_a-memchr-stub.o)
 .debug_frame   0x00001924       0x28 c:/program files (x86)/cypress/psoc creator/4.3/psoc creator/import/gnu/arm/5.4.1/bin/../lib/gcc/arm-none-eabi/5.4.1/../../../../arm-none-eabi/lib/armv7-m\libg_nano.a(lib_a-memmove.o)
 .debug_frame   0x0000194c       0x38 c:/program files (x86)/cypress/psoc creator/4.3/psoc creator/import/gnu/arm/5.4.1/bin/../lib/gcc/arm-none-eabi/5.4.1/../../../../arm-none-eabi/lib/armv7-m\libg_nano.a(lib_a-nano-freer.o)
 .debug_frame   0x00001984       0x2c c:/program files (x86)/cypress/psoc creator/4.3/psoc creator/import/gnu/arm/5.4.1/bin/../lib/gcc/arm-none-eabi/5.4.1/../../../../arm-none-eabi/lib/armv7-m\libg_nano.a(lib_a-nano-mallocr.o)
 .debug_frame   0x000019b0       0x3c c:/program files (x86)/cypress/psoc creator/4.3/psoc creator/import/gnu/arm/5.4.1/bin/../lib/gcc/arm-none-eabi/5.4.1/../../../../arm-none-eabi/lib/armv7-m\libg_nano.a(lib_a-nano-reallocr.o)
 .debug_frame   0x000019ec       0x2c c:/program files (x86)/cypress/psoc creator/4.3/psoc creator/import/gnu/arm/5.4.1/bin/../lib/gcc/arm-none-eabi/5.4.1/../../../../arm-none-eabi/lib/armv7-m\libg_nano.a(lib_a-sbrkr.o)
 .debug_frame   0x00001a18       0x30 c:/program files (x86)/cypress/psoc creator/4.3/psoc creator/import/gnu/arm/5.4.1/bin/../lib/gcc/arm-none-eabi/5.4.1/../../../../arm-none-eabi/lib/armv7-m\libg_nano.a(lib_a-mlock.o)
 .debug_frame   0x00001a48       0x20 c:/program files (x86)/cypress/psoc creator/4.3/psoc creator/import/gnu/arm/5.4.1/bin/../lib/gcc/arm-none-eabi/5.4.1/../../../../arm-none-eabi/lib/armv7-m\libg_nano.a(lib_a-nano-msizer.o)
 .debug_frame   0x00001a68       0x5c c:/program files (x86)/cypress/psoc creator/4.3/psoc creator/import/gnu/arm/5.4.1/bin/../lib/gcc/arm-none-eabi/5.4.1/../../../../arm-none-eabi/lib/armv7-m\libg_nano.a(lib_a-reent.o)

.debug_str      0x00000000     0x20ce
 *(.debug_str)
 .debug_str     0x00000000      0x358 .\CortexM3\ARM_GCC_541\Debug\main.o
                                0x3c8 (size before relaxing)
 .debug_str     0x00000358      0x11d .\CortexM3\ARM_GCC_541\Debug\I2C_Interface.o
                                0x392 (size before relaxing)
 .debug_str     0x00000475       0x3e .\CortexM3\ARM_GCC_541\Debug\InterruptRoutines.o
                                0x225 (size before relaxing)
 .debug_str     0x000004b3      0x1b0 .\CortexM3\ARM_GCC_541\Debug\cyfitter_cfg.o
                                0x378 (size before relaxing)
 .debug_str     0x00000663       0x75 .\CortexM3\ARM_GCC_541\Debug\cymetadata.o
                                0x218 (size before relaxing)
 .debug_str     0x000006d8      0x144 .\CortexM3\ARM_GCC_541\Debug\Cm3Start.o
                                0x33e (size before relaxing)
 .debug_str     0x0000081c      0x354 .\CortexM3\ARM_GCC_541\Debug\AY1920_II_HW_05_PROJ_2.a(UART_Debug.o)
                                0x563 (size before relaxing)
 .debug_str     0x00000b70      0x13f .\CortexM3\ARM_GCC_541\Debug\AY1920_II_HW_05_PROJ_2.a(I2C_Master.o)
                                0x369 (size before relaxing)
 .debug_str     0x00000caf       0xb7 .\CortexM3\ARM_GCC_541\Debug\AY1920_II_HW_05_PROJ_2.a(I2C_Master_INT.o)
                                0x2e0 (size before relaxing)
 .debug_str     0x00000d66       0x79 .\CortexM3\ARM_GCC_541\Debug\AY1920_II_HW_05_PROJ_2.a(I2C_Master_PM.o)
                                0x2f0 (size before relaxing)
 .debug_str     0x00000ddf      0x150 .\CortexM3\ARM_GCC_541\Debug\AY1920_II_HW_05_PROJ_2.a(I2C_Master_MASTER.o)
                                0x479 (size before relaxing)
 .debug_str     0x00000f2f      0x1bf .\CortexM3\ARM_GCC_541\Debug\AY1920_II_HW_05_PROJ_2.a(UART_Debug_IntClock.o)
                                0x3b2 (size before relaxing)
 .debug_str     0x000010ee      0x7eb .\CortexM3\ARM_GCC_541\Debug\AY1920_II_HW_05_PROJ_2.a(CyLib.o)
                                0xa7b (size before relaxing)
 .debug_str     0x000018d9      0x365 .\CortexM3\ARM_GCC_541\Debug\AY1920_II_HW_05_PROJ_2.a(cyPm.o)
                                0x767 (size before relaxing)
 .debug_str     0x00001c3e      0x11d .\CortexM3\ARM_GCC_541\Debug\AY1920_II_HW_05_PROJ_2.a(Timer.o)
                                0x329 (size before relaxing)
 .debug_str     0x00001d5b      0x10c .\CortexM3\ARM_GCC_541\Debug\AY1920_II_HW_05_PROJ_2.a(isr_Timer.o)
                                0x312 (size before relaxing)
 .debug_str     0x00001e67      0x1bb .\CortexM3\ARM_GCC_541\Debug\AY1920_II_HW_05_PROJ_2.a(CyFlash.o)
                                0x3f4 (size before relaxing)
 .debug_str     0x00002022       0xac .\CortexM3\ARM_GCC_541\Debug\AY1920_II_HW_05_PROJ_2.a(CySpc.o)
                                0x36c (size before relaxing)

.debug_loc      0x00000000     0x2900
 *(.debug_loc)
 .debug_loc     0x00000000      0x248 .\CortexM3\ARM_GCC_541\Debug\main.o
 .debug_loc     0x00000248      0x2c1 .\CortexM3\ARM_GCC_541\Debug\I2C_Interface.o
 .debug_loc     0x00000509      0x289 .\CortexM3\ARM_GCC_541\Debug\cyfitter_cfg.o
 .debug_loc     0x00000792      0x144 .\CortexM3\ARM_GCC_541\Debug\Cm3Start.o
 .debug_loc     0x000008d6      0x258 .\CortexM3\ARM_GCC_541\Debug\AY1920_II_HW_05_PROJ_2.a(UART_Debug.o)
 .debug_loc     0x00000b2e       0x39 .\CortexM3\ARM_GCC_541\Debug\AY1920_II_HW_05_PROJ_2.a(I2C_Master.o)
 .debug_loc     0x00000b67       0x29 .\CortexM3\ARM_GCC_541\Debug\AY1920_II_HW_05_PROJ_2.a(I2C_Master_INT.o)
 .debug_loc     0x00000b90       0x13 .\CortexM3\ARM_GCC_541\Debug\AY1920_II_HW_05_PROJ_2.a(I2C_Master_PM.o)
 .debug_loc     0x00000ba3      0x52f .\CortexM3\ARM_GCC_541\Debug\AY1920_II_HW_05_PROJ_2.a(I2C_Master_MASTER.o)
 .debug_loc     0x000010d2      0x12c .\CortexM3\ARM_GCC_541\Debug\AY1920_II_HW_05_PROJ_2.a(UART_Debug_IntClock.o)
 .debug_loc     0x000011fe      0xa11 .\CortexM3\ARM_GCC_541\Debug\AY1920_II_HW_05_PROJ_2.a(CyLib.o)
 .debug_loc     0x00001c0f      0x1e4 .\CortexM3\ARM_GCC_541\Debug\AY1920_II_HW_05_PROJ_2.a(cyPm.o)
 .debug_loc     0x00001df3       0x56 .\CortexM3\ARM_GCC_541\Debug\AY1920_II_HW_05_PROJ_2.a(isr_Timer.o)
 .debug_loc     0x00001e49      0x3b2 .\CortexM3\ARM_GCC_541\Debug\AY1920_II_HW_05_PROJ_2.a(CyFlash.o)
 .debug_loc     0x000021fb      0x705 .\CortexM3\ARM_GCC_541\Debug\AY1920_II_HW_05_PROJ_2.a(CySpc.o)

.debug_macinfo
 *(.debug_macinfo)

.debug_ranges   0x00000000      0x7d8
 *(.debug_ranges)
 .debug_ranges  0x00000000       0x10 .\CortexM3\ARM_GCC_541\Debug\main.o
 .debug_ranges  0x00000010       0x40 .\CortexM3\ARM_GCC_541\Debug\I2C_Interface.o
 .debug_ranges  0x00000050       0x10 .\CortexM3\ARM_GCC_541\Debug\InterruptRoutines.o
 .debug_ranges  0x00000060       0x48 .\CortexM3\ARM_GCC_541\Debug\cyfitter_cfg.o
 .debug_ranges  0x000000a8       0x38 .\CortexM3\ARM_GCC_541\Debug\Cm3Start.o
 .debug_ranges  0x000000e0       0xe0 .\CortexM3\ARM_GCC_541\Debug\AY1920_II_HW_05_PROJ_2.a(UART_Debug.o)
 .debug_ranges  0x000001c0       0x28 .\CortexM3\ARM_GCC_541\Debug\AY1920_II_HW_05_PROJ_2.a(I2C_Master.o)
 .debug_ranges  0x000001e8       0x10 .\CortexM3\ARM_GCC_541\Debug\AY1920_II_HW_05_PROJ_2.a(I2C_Master_INT.o)
 .debug_ranges  0x000001f8       0x28 .\CortexM3\ARM_GCC_541\Debug\AY1920_II_HW_05_PROJ_2.a(I2C_Master_PM.o)
 .debug_ranges  0x00000220       0x70 .\CortexM3\ARM_GCC_541\Debug\AY1920_II_HW_05_PROJ_2.a(I2C_Master_MASTER.o)
 .debug_ranges  0x00000290       0x60 .\CortexM3\ARM_GCC_541\Debug\AY1920_II_HW_05_PROJ_2.a(UART_Debug_IntClock.o)
 .debug_ranges  0x000002f0      0x290 .\CortexM3\ARM_GCC_541\Debug\AY1920_II_HW_05_PROJ_2.a(CyLib.o)
 .debug_ranges  0x00000580       0x88 .\CortexM3\ARM_GCC_541\Debug\AY1920_II_HW_05_PROJ_2.a(cyPm.o)
 .debug_ranges  0x00000608       0x78 .\CortexM3\ARM_GCC_541\Debug\AY1920_II_HW_05_PROJ_2.a(Timer.o)
 .debug_ranges  0x00000680       0x70 .\CortexM3\ARM_GCC_541\Debug\AY1920_II_HW_05_PROJ_2.a(isr_Timer.o)
 .debug_ranges  0x000006f0       0x78 .\CortexM3\ARM_GCC_541\Debug\AY1920_II_HW_05_PROJ_2.a(CyFlash.o)
 .debug_ranges  0x00000768       0x70 .\CortexM3\ARM_GCC_541\Debug\AY1920_II_HW_05_PROJ_2.a(CySpc.o)

.comment        0x00000000       0x6e
 .comment       0x00000000       0x6e .\CortexM3\ARM_GCC_541\Debug\main.o
                                 0x6f (size before relaxing)
 .comment       0x0000006e       0x6f .\CortexM3\ARM_GCC_541\Debug\I2C_Interface.o
 .comment       0x0000006e       0x6f .\CortexM3\ARM_GCC_541\Debug\InterruptRoutines.o
 .comment       0x0000006e       0x6f .\CortexM3\ARM_GCC_541\Debug\cyfitter_cfg.o
 .comment       0x0000006e       0x6f .\CortexM3\ARM_GCC_541\Debug\cymetadata.o
 .comment       0x0000006e       0x6f .\CortexM3\ARM_GCC_541\Debug\Cm3Start.o
 .comment       0x0000006e       0x6f .\CortexM3\ARM_GCC_541\Debug\AY1920_II_HW_05_PROJ_2.a(UART_Debug.o)
 .comment       0x0000006e       0x6f .\CortexM3\ARM_GCC_541\Debug\AY1920_II_HW_05_PROJ_2.a(I2C_Master.o)
 .comment       0x0000006e       0x6f .\CortexM3\ARM_GCC_541\Debug\AY1920_II_HW_05_PROJ_2.a(I2C_Master_INT.o)
 .comment       0x0000006e       0x6f .\CortexM3\ARM_GCC_541\Debug\AY1920_II_HW_05_PROJ_2.a(I2C_Master_PM.o)
 .comment       0x0000006e       0x6f .\CortexM3\ARM_GCC_541\Debug\AY1920_II_HW_05_PROJ_2.a(I2C_Master_MASTER.o)
 .comment       0x0000006e       0x6f .\CortexM3\ARM_GCC_541\Debug\AY1920_II_HW_05_PROJ_2.a(UART_Debug_IntClock.o)
 .comment       0x0000006e       0x6f .\CortexM3\ARM_GCC_541\Debug\AY1920_II_HW_05_PROJ_2.a(CyLib.o)
 .comment       0x0000006e       0x6f .\CortexM3\ARM_GCC_541\Debug\AY1920_II_HW_05_PROJ_2.a(cyPm.o)
 .comment       0x0000006e       0x6f .\CortexM3\ARM_GCC_541\Debug\AY1920_II_HW_05_PROJ_2.a(Timer.o)
 .comment       0x0000006e       0x6f .\CortexM3\ARM_GCC_541\Debug\AY1920_II_HW_05_PROJ_2.a(isr_Timer.o)
 .comment       0x0000006e       0x6f .\CortexM3\ARM_GCC_541\Debug\AY1920_II_HW_05_PROJ_2.a(CyFlash.o)
 .comment       0x0000006e       0x6f .\CortexM3\ARM_GCC_541\Debug\AY1920_II_HW_05_PROJ_2.a(CySpc.o)

.debug_weaknames
 *(.debug_weaknames)

.debug_funcnames
 *(.debug_funcnames)

.debug_typenames
 *(.debug_typenames)

.debug_varnames
 *(.debug_varnames)

.note.gnu.arm.ident
 *(.note.gnu.arm.ident)

.ARM.attributes
                0x00000000       0x29
 *(.ARM.attributes)
 .ARM.attributes
                0x00000000       0x1d c:/program files (x86)/cypress/psoc creator/4.3/psoc creator/import/gnu/arm/5.4.1/bin/../lib/gcc/arm-none-eabi/5.4.1/armv7-m/crti.o
 .ARM.attributes
                0x0000001d       0x2d c:/program files (x86)/cypress/psoc creator/4.3/psoc creator/import/gnu/arm/5.4.1/bin/../lib/gcc/arm-none-eabi/5.4.1/armv7-m/crtbegin.o
 .ARM.attributes
                0x0000004a       0x1b c:/program files (x86)/cypress/psoc creator/4.3/psoc creator/import/gnu/arm/5.4.1/bin/../lib/gcc/arm-none-eabi/5.4.1/../../../../arm-none-eabi/lib/armv7-m/crt0.o
 .ARM.attributes
                0x00000065       0x33 .\CortexM3\ARM_GCC_541\Debug\main.o
 .ARM.attributes
                0x00000098       0x33 .\CortexM3\ARM_GCC_541\Debug\I2C_Interface.o
 .ARM.attributes
                0x000000cb       0x33 .\CortexM3\ARM_GCC_541\Debug\InterruptRoutines.o
 .ARM.attributes
                0x000000fe       0x33 .\CortexM3\ARM_GCC_541\Debug\cyfitter_cfg.o
 .ARM.attributes
                0x00000131       0x33 .\CortexM3\ARM_GCC_541\Debug\cymetadata.o
 .ARM.attributes
                0x00000164       0x33 .\CortexM3\ARM_GCC_541\Debug\Cm3Start.o
 .ARM.attributes
                0x00000197       0x33 .\CortexM3\ARM_GCC_541\Debug\AY1920_II_HW_05_PROJ_2.a(UART_Debug.o)
 .ARM.attributes
                0x000001ca       0x33 .\CortexM3\ARM_GCC_541\Debug\AY1920_II_HW_05_PROJ_2.a(I2C_Master.o)
 .ARM.attributes
                0x000001fd       0x33 .\CortexM3\ARM_GCC_541\Debug\AY1920_II_HW_05_PROJ_2.a(I2C_Master_INT.o)
 .ARM.attributes
                0x00000230       0x33 .\CortexM3\ARM_GCC_541\Debug\AY1920_II_HW_05_PROJ_2.a(I2C_Master_PM.o)
 .ARM.attributes
                0x00000263       0x33 .\CortexM3\ARM_GCC_541\Debug\AY1920_II_HW_05_PROJ_2.a(I2C_Master_MASTER.o)
 .ARM.attributes
                0x00000296       0x33 .\CortexM3\ARM_GCC_541\Debug\AY1920_II_HW_05_PROJ_2.a(UART_Debug_IntClock.o)
 .ARM.attributes
                0x000002c9       0x33 .\CortexM3\ARM_GCC_541\Debug\AY1920_II_HW_05_PROJ_2.a(CyLib.o)
 .ARM.attributes
                0x000002fc       0x33 .\CortexM3\ARM_GCC_541\Debug\AY1920_II_HW_05_PROJ_2.a(cyPm.o)
 .ARM.attributes
                0x0000032f       0x33 .\CortexM3\ARM_GCC_541\Debug\AY1920_II_HW_05_PROJ_2.a(Timer.o)
 .ARM.attributes
                0x00000362       0x33 .\CortexM3\ARM_GCC_541\Debug\AY1920_II_HW_05_PROJ_2.a(isr_Timer.o)
 .ARM.attributes
                0x00000395       0x21 .\CortexM3\ARM_GCC_541\Debug\AY1920_II_HW_05_PROJ_2.a(CyBootAsmGnu.o)
 .ARM.attributes
                0x000003b6       0x33 .\CortexM3\ARM_GCC_541\Debug\AY1920_II_HW_05_PROJ_2.a(CyFlash.o)
 .ARM.attributes
                0x000003e9       0x33 .\CortexM3\ARM_GCC_541\Debug\AY1920_II_HW_05_PROJ_2.a(CySpc.o)
 .ARM.attributes
                0x0000041c       0x2d c:/program files (x86)/cypress/psoc creator/4.3/psoc creator/import/gnu/arm/5.4.1/bin/../lib/gcc/arm-none-eabi/5.4.1/../../../../arm-none-eabi/lib/armv7-m\libg_nano.a(lib_a-errno.o)
 .ARM.attributes
                0x00000449       0x2d c:/program files (x86)/cypress/psoc creator/4.3/psoc creator/import/gnu/arm/5.4.1/bin/../lib/gcc/arm-none-eabi/5.4.1/../../../../arm-none-eabi/lib/armv7-m\libg_nano.a(lib_a-exit.o)
 .ARM.attributes
                0x00000476       0x2d c:/program files (x86)/cypress/psoc creator/4.3/psoc creator/import/gnu/arm/5.4.1/bin/../lib/gcc/arm-none-eabi/5.4.1/../../../../arm-none-eabi/lib/armv7-m\libg_nano.a(lib_a-impure.o)
 .ARM.attributes
                0x000004a3       0x2d c:/program files (x86)/cypress/psoc creator/4.3/psoc creator/import/gnu/arm/5.4.1/bin/../lib/gcc/arm-none-eabi/5.4.1/../../../../arm-none-eabi/lib/armv7-m\libg_nano.a(lib_a-init.o)
 .ARM.attributes
                0x000004d0       0x2d c:/program files (x86)/cypress/psoc creator/4.3/psoc creator/import/gnu/arm/5.4.1/bin/../lib/gcc/arm-none-eabi/5.4.1/../../../../arm-none-eabi/lib/armv7-m\libg_nano.a(lib_a-memcpy-stub.o)
 .ARM.attributes
                0x000004fd       0x2d c:/program files (x86)/cypress/psoc creator/4.3/psoc creator/import/gnu/arm/5.4.1/bin/../lib/gcc/arm-none-eabi/5.4.1/../../../../arm-none-eabi/lib/armv7-m\libg_nano.a(lib_a-memset.o)
 .ARM.attributes
                0x0000052a       0x2d c:/program files (x86)/cypress/psoc creator/4.3/psoc creator/import/gnu/arm/5.4.1/bin/../lib/gcc/arm-none-eabi/5.4.1/../../../../arm-none-eabi/lib/armv7-m\libg_nano.a(lib_a-sprintf.o)
 .ARM.attributes
                0x00000557       0x2d c:/program files (x86)/cypress/psoc creator/4.3/psoc creator/import/gnu/arm/5.4.1/bin/../lib/gcc/arm-none-eabi/5.4.1/../../../../arm-none-eabi/lib/armv7-m\libg_nano.a(lib_a-nano-svfprintf.o)
 .ARM.attributes
                0x00000584       0x2d c:/program files (x86)/cypress/psoc creator/4.3/psoc creator/import/gnu/arm/5.4.1/bin/../lib/gcc/arm-none-eabi/5.4.1/../../../../arm-none-eabi/lib/armv7-m\libg_nano.a(lib_a-nano-vfprintf_i.o)
 .ARM.attributes
                0x000005b1       0x2d c:/program files (x86)/cypress/psoc creator/4.3/psoc creator/import/gnu/arm/5.4.1/bin/../lib/gcc/arm-none-eabi/5.4.1/../../../../arm-none-eabi/lib/armv7-m\libg_nano.a(lib_a-memchr-stub.o)
 .ARM.attributes
                0x000005de       0x2d c:/program files (x86)/cypress/psoc creator/4.3/psoc creator/import/gnu/arm/5.4.1/bin/../lib/gcc/arm-none-eabi/5.4.1/../../../../arm-none-eabi/lib/armv7-m\libg_nano.a(lib_a-memmove.o)
 .ARM.attributes
                0x0000060b       0x2d c:/program files (x86)/cypress/psoc creator/4.3/psoc creator/import/gnu/arm/5.4.1/bin/../lib/gcc/arm-none-eabi/5.4.1/../../../../arm-none-eabi/lib/armv7-m\libg_nano.a(lib_a-nano-freer.o)
 .ARM.attributes
                0x00000638       0x2d c:/program files (x86)/cypress/psoc creator/4.3/psoc creator/import/gnu/arm/5.4.1/bin/../lib/gcc/arm-none-eabi/5.4.1/../../../../arm-none-eabi/lib/armv7-m\libg_nano.a(lib_a-nano-mallocr.o)
 .ARM.attributes
                0x00000665       0x2d c:/program files (x86)/cypress/psoc creator/4.3/psoc creator/import/gnu/arm/5.4.1/bin/../lib/gcc/arm-none-eabi/5.4.1/../../../../arm-none-eabi/lib/armv7-m\libg_nano.a(lib_a-nano-reallocr.o)
 .ARM.attributes
                0x00000692       0x2d c:/program files (x86)/cypress/psoc creator/4.3/psoc creator/import/gnu/arm/5.4.1/bin/../lib/gcc/arm-none-eabi/5.4.1/../../../../arm-none-eabi/lib/armv7-m\libg_nano.a(lib_a-sbrkr.o)
 .ARM.attributes
                0x000006bf       0x2d c:/program files (x86)/cypress/psoc creator/4.3/psoc creator/import/gnu/arm/5.4.1/bin/../lib/gcc/arm-none-eabi/5.4.1/../../../../arm-none-eabi/lib/armv7-m\libg_nano.a(lib_a-mlock.o)
 .ARM.attributes
                0x000006ec       0x2d c:/program files (x86)/cypress/psoc creator/4.3/psoc creator/import/gnu/arm/5.4.1/bin/../lib/gcc/arm-none-eabi/5.4.1/../../../../arm-none-eabi/lib/armv7-m\libg_nano.a(lib_a-nano-msizer.o)
 .ARM.attributes
                0x00000719       0x2d c:/program files (x86)/cypress/psoc creator/4.3/psoc creator/import/gnu/arm/5.4.1/bin/../lib/gcc/arm-none-eabi/5.4.1/../../../../arm-none-eabi/lib/armv7-m\libg_nano.a(lib_a-reent.o)
 .ARM.attributes
                0x00000746       0x2d c:/program files (x86)/cypress/psoc creator/4.3/psoc creator/import/gnu/arm/5.4.1/bin/../lib/gcc/arm-none-eabi/5.4.1/armv7-m/crtend.o
 .ARM.attributes
                0x00000773       0x1d c:/program files (x86)/cypress/psoc creator/4.3/psoc creator/import/gnu/arm/5.4.1/bin/../lib/gcc/arm-none-eabi/5.4.1/armv7-m/crtn.o

/DISCARD/
 *(.note.GNU-stack)
OUTPUT(C:\Users\Riccardo\Desktop\Lab_sensori\Assignments\Assignment_04\PSoC_03_Complete\PSoC_03\AY1920_II_HW_05_PROJ_2.cydsn\CortexM3\ARM_GCC_541\Debug\AY1920_II_HW_05_PROJ_2.elf elf32-littlearm)
